// Jest Snapshot v1, https://goo.gl/fbAQLP

exports[`App component renders App 1`] = `
<Fragment>
  <h1>
    WOW MAGIC
  </h1>
  <Connect(Creatures) />
</Fragment>
`;
